[INFO] Scanning for projects...
[INFO] 
[INFO] --------------------< org.example:ServicioNotisSH >---------------------
[INFO] Building ServicioNotisSH 1.0-SNAPSHOT
[INFO]   from pom.xml
[INFO] --------------------------------[ jar ]---------------------------------
[INFO] 
[INFO] --- resources:3.3.1:resources (default-resources) @ ServicioNotisSH ---
[INFO] Copying 1 resource from src\main\resources to target\classes
[INFO] Copying 0 resource from src\main\resources to target\classes
[INFO] 
[INFO] --- compiler:3.11.0:compile (default-compile) @ ServicioNotisSH ---
[INFO] Changes detected - recompiling the module! :input tree
[INFO] Compiling 13 source files with javac [debug release 17] to target\classes
mvn : WARNING: A 
terminally deprecated 
method in sun.misc.Unsafe 
has been called
En línea: 1 Carácter: 1
+ mvn compile > 
compile.log 2>&1
+ ~~~~~~~~~~~~~~~~~~~~~~~~~
~~~~~
    + CategoryInfo         
     : NotSpecified: (WAR  
  NING: A term...has bee   
 n called:String) [], R    
emoteException
    + FullyQualifiedErrorI 
   d : NativeCommandError
 
WARNING: sun.misc.Unsafe::o
bjectFieldOffset has been 
called by 
lombok.permit.Permit
WARNING: Please consider 
reporting this to the 
maintainers of class 
lombok.permit.Permit
WARNING: sun.misc.Unsafe::o
bjectFieldOffset will be 
removed in a future release
[INFO] ------------------------------------------------------------------------
[INFO] BUILD SUCCESS
[INFO] ------------------------------------------------------------------------
[INFO] Total time:  2.594 s
[INFO] Finished at: 2026-04-09T15:11:47+02:00
[INFO] ------------------------------------------------------------------------
